// Jest Snapshot v1, https://goo.gl/fbAQLP

exports[`Address Book   Address Book Page is rendered Properly 1`] = `ShallowWrapper {}`;
