// Jest Snapshot v1, https://goo.gl/fbAQLP

exports[`Search bar Component  should render SearchBar component 1`] = `ShallowWrapper {}`;
