// Jest Snapshot v1, https://goo.gl/fbAQLP

exports[`Header Component  should render Header component 1`] = `ShallowWrapper {}`;
