// Jest Snapshot v1, https://goo.gl/fbAQLP

exports[`Profile Page   Profile Page is rendered Properly 1`] = `ShallowWrapper {}`;
